// Jest Snapshot v1, https://goo.gl/fbAQLP

exports[`The tabs component Matches the snapshot 1`] = `
<div>
  <div
    class="nhsuk-tabs"
    data-module="nhsuk-tabs"
  >
    <h2
      class="nhsuk-tabs__title"
    >
      Contents
    </h2>
    <ul
      class="nhsuk-tabs__list"
      role="tablist"
    >
      <li
        class="nhsuk-tabs__list-item nhsuk-tabs__list-item--selected"
        role="presentation"
      >
        <a
          aria-controls="IdSearch"
          aria-selected="true"
          class="nhsuk-tabs__tab"
          href="#IdSearch"
          id="tab_IdSearch"
          role="tab"
          tabindex="0"
        >
          Prescription ID search
        </a>
      </li>
      <li
        class="nhsuk-tabs__list-item"
        role="presentation"
      >
        <a
          aria-controls="NhsNumSearch"
          aria-selected="false"
          class="nhsuk-tabs__tab"
          href="#NhsNumSearch"
          id="tab_NhsNumSearch"
          role="tab"
          tabindex="-1"
        >
          NHS number search
        </a>
      </li>
      <li
        class="nhsuk-tabs__list-item"
        role="presentation"
      >
        <a
          aria-controls="BasicDetailsSearch"
          aria-selected="false"
          class="nhsuk-tabs__tab"
          href="#BasicDetailsSearch"
          id="tab_BasicDetailsSearch"
          role="tab"
          tabindex="-1"
        >
          Basic details search
        </a>
      </li>
    </ul>
    <div
      aria-labelledby="tab_IdSearch"
      class="nhsuk-tabs__panel"
      id="IdSearch"
      role="tabpanel"
    >
      <div>
        Prescription ID search
      </div>
    </div>
    <div
      aria-labelledby="tab_NhsNumSearch"
      class="nhsuk-tabs__panel nhsuk-tabs__panel--hidden"
      id="NhsNumSearch"
      role="tabpanel"
    >
      <div>
        NHS number search
      </div>
    </div>
    <div
      aria-labelledby="tab_BasicDetailsSearch"
      class="nhsuk-tabs__panel nhsuk-tabs__panel--hidden"
      id="BasicDetailsSearch"
      role="tabpanel"
    >
      <div>
        Basic details search
      </div>
    </div>
  </div>
</div>
`;
